// Jest Snapshot v1, https://goo.gl/fbAQLP

exports[`<List /> renders component correctly 1`] = `
.c7 {
  text-align: center;
  background-color: #ff1744;
  padding: 10px 20px;
  border-radius: 8px;
  cursor: pointer;
}

.c7:hover {
  background-color: #f01440;
}

.c7:active {
  box-shadow: inset 5px 5px 10px rgba(0,0,0,0.2);
}

.c8 {
  color: #fff;
  font-size: 16px;
}

.c5 {
  display: -webkit-box;
  display: -webkit-flex;
  display: -ms-flexbox;
  display: flex;
  border-bottom: 1px solid #bdbdbd;
  -webkit-align-items: center;
  -webkit-box-align: center;
  -ms-flex-align: center;
  align-items: center;
  margin: 10px;
  padding: 10px;
}

.c6 {
  -webkit-flex: 1;
  -ms-flex: 1;
  flex: 1;
  font-size: 16px;
  margin-right: 20px;
  color: black;
  -webkit-text-decoration: none;
  text-decoration: none;
}

.c4 {
  min-width: 350px;
  height: 400px;
  overflow-y: scroll;
  border: 1px solid #BDBDBD;
  margin-bottom: 20px;
}

.c1 {
  position: absolute;
  top: 0;
  left: 0;
  right: 0;
  display: -webkit-box;
  display: -webkit-flex;
  display: -ms-flexbox;
  display: flex;
  -webkit-align-items: center;
  -webkit-box-align: center;
  -ms-flex-align: center;
  align-items: center;
  -webkit-box-pack: center;
  -webkit-justify-content: center;
  -ms-flex-pack: center;
  justify-content: center;
  background-color: #1e40ff;
}

.c2 {
  padding: 20px;
  color: #fff;
  font-size: 20px;
  font-weight: 600;
}

.c3 {
  display: -webkit-box;
  display: -webkit-flex;
  display: -ms-flexbox;
  display: flex;
  background-color: #fff;
  -webkit-flex-direction: column;
  -ms-flex-direction: column;
  flex-direction: column;
  padding: 20px;
  border-radius: 8px;
  box-shadow: 5px 5px 10px rgba(0,0,0,0.2);
  position: relative;
  -webkit-align-items: center;
  -webkit-box-align: center;
  -ms-flex-align: center;
  align-items: center;
}

.c9 {
  font-size: 20px;
  color: #fff;
  display: -webkit-box;
  display: -webkit-flex;
  display: -ms-flexbox;
  display: flex;
  -webkit-align-items: center;
  -webkit-box-align: center;
  -ms-flex-align: center;
  align-items: center;
  -webkit-box-pack: center;
  -webkit-justify-content: center;
  -ms-flex-pack: center;
  justify-content: center;
  width: 60px;
  height: 60px;
  border-radius: 30px;
  cursor: pointer;
  position: absolute;
  bottom: -30px;
  background-color: #304ffe;
  box-shadow: 5px 5px 10px rgba(0,0,0,0.2);
  -webkit-text-decoration: none;
  text-decoration: none;
}

.c9:hover {
  background-color: #1e40ff;
}

.c9:active {
  box-shadow: inset 5px 5px 10px rgba(0,0,0,0.2);
}

.c0 {
  min-height: 100vh;
  display: -webkit-box;
  display: -webkit-flexx;
  display: -ms-flexxbox;
  display: flexx;
  -webkit-align-items: center;
  -webkit-box-align: center;
  -ms-flex-align: center;
  align-items: center;
  -webkit-box-pack: center;
  -webkit-justify-content: center;
  -ms-flex-pack: center;
  justify-content: center;
  -webkit-flex-direction: column;
  -ms-flex-direction: column;
  flex-direction: column;
}

<div>
  <div
    class="c0"
  >
    <div
      class="c1"
    >
      <div
        class="c2"
      >
        Todo List
      </div>
    </div>
    <div
      class="c3"
    >
      <div
        class="c4"
        data-testid="toDoList"
      >
        <div
          class="c5"
        >
          <a
            class="c6"
            href="/detail/0"
          >
            ToDo 1
          </a>
          <div
            class="c7"
          >
            <div
              class="c8"
            >
              Delete
            </div>
          </div>
        </div>
        <div
          class="c5"
        >
          <a
            class="c6"
            href="/detail/1"
          >
            ToDo 2
          </a>
          <div
            class="c7"
          >
            <div
              class="c8"
            >
              Delete
            </div>
          </div>
        </div>
        <div
          class="c5"
        >
          <a
            class="c6"
            href="/detail/2"
          >
            ToDo 3
          </a>
          <div
            class="c7"
          >
            <div
              class="c8"
            >
              Delete
            </div>
          </div>
        </div>
      </div>
      <a
        class="c9"
        href="/add"
      >
        +
      </a>
    </div>
  </div>
</div>
`;
