// Jest Snapshot v1, https://goo.gl/fbAQLP

exports[`<NotFound /> renders component correctly 1`] = `
.c1 {
  position: absolute;
  top: 0;
  left: 0;
  right: 0;
  display: -webkit-box;
  display: -webkit-flex;
  display: -ms-flexbox;
  display: flex;
  -webkit-align-items: center;
  -webkit-box-align: center;
  -ms-flex-align: center;
  align-items: center;
  -webkit-box-pack: center;
  -webkit-justify-content: center;
  -ms-flex-pack: center;
  justify-content: center;
  background-color: #1e40ff;
}

.c2 {
  padding: 20px;
  color: #fff;
  font-size: 20px;
  font-weight: 600;
}

.c3 {
  padding: 20px;
  color: #fff;
  font-size: 16px;
  font-weight: 600;
  -webkit-text-decoration: none;
  text-decoration: none;
  position: absolute;
  left: 20px;
}

.c4 {
  font-size: 20px;
}

.c0 {
  min-height: 100vh;
  display: -webkit-box;
  display: -webkit-flexx;
  display: -ms-flexxbox;
  display: flexx;
  -webkit-align-items: center;
  -webkit-box-align: center;
  -ms-flex-align: center;
  align-items: center;
  -webkit-box-pack: center;
  -webkit-justify-content: center;
  -ms-flex-pack: center;
  justify-content: center;
  -webkit-flex-direction: column;
  -ms-flex-direction: column;
  flex-direction: column;
}

<div>
  <div
    class="c0"
  >
    <div
      class="c1"
    >
      <div
        class="c2"
      >
        Error
      </div>
      <a
        class="c3"
        href="/"
      >
        Go Back...
      </a>
    </div>
    <div
      class="c4"
    >
      Page Not Found ðŸ˜±
    </div>
  </div>
</div>
`;
