// Jest Snapshot v1, https://goo.gl/fbAQLP

exports[`<Detail /> renders component correctly 1`] = `
.c6 {
  text-align: center;
  background-color: #ff1744;
  padding: 10px 20px;
  border-radius: 8px;
  cursor: pointer;
}

.c6:hover {
  background-color: #f01440;
}

.c6:active {
  box-shadow: inset 5px 5px 10px rgba(0,0,0,0.2);
}

.c7 {
  color: #fff;
  font-size: 16px;
}

.c1 {
  position: absolute;
  top: 0;
  left: 0;
  right: 0;
  display: -webkit-box;
  display: -webkit-flex;
  display: -ms-flexbox;
  display: flex;
  -webkit-align-items: center;
  -webkit-box-align: center;
  -ms-flex-align: center;
  align-items: center;
  -webkit-box-pack: center;
  -webkit-justify-content: center;
  -ms-flex-pack: center;
  justify-content: center;
  background-color: #1e40ff;
}

.c2 {
  padding: 20px;
  color: #fff;
  font-size: 20px;
  font-weight: 600;
}

.c3 {
  padding: 20px;
  color: #fff;
  font-size: 16px;
  font-weight: 600;
  -webkit-text-decoration: none;
  text-decoration: none;
  position: absolute;
  left: 20px;
}

.c4 {
  display: -webkit-box;
  display: -webkit-flex;
  display: -ms-flexbox;
  display: flex;
  background-color: #fff;
  padding: 20px;
  border-radius: 8px;
  box-shadow: 5px 5px 10px rgba(0,0,0,0.2);
  -webkit-align-items: center;
  -webkit-box-align: center;
  -ms-flex-align: center;
  align-items: center;
  -webkit-flex-direction: column;
  -ms-flex-direction: column;
  flex-direction: column;
}

.c5 {
  min-width: 350px;
  height: 350px;
  overflow-y: auto;
  border: 1px solid #bdbdbd;
  margin-bottom: 20px;
  padding: 10px;
}

.c0 {
  min-height: 100vh;
  display: -webkit-box;
  display: -webkit-flexx;
  display: -ms-flexxbox;
  display: flexx;
  -webkit-align-items: center;
  -webkit-box-align: center;
  -ms-flex-align: center;
  align-items: center;
  -webkit-box-pack: center;
  -webkit-justify-content: center;
  -ms-flex-pack: center;
  justify-content: center;
  -webkit-flex-direction: column;
  -ms-flex-direction: column;
  flex-direction: column;
}

<div>
  <div
    class="c0"
  >
    <div
      class="c1"
    >
      <div
        class="c2"
      >
        Todo In Detail
      </div>
      <a
        class="c3"
        href="/"
      >
        Go Back...
      </a>
    </div>
    <div
      class="c4"
    >
      <div
        class="c5"
      >
        ToDo 1
      </div>
      <div
        class="c6"
      >
        <div
          class="c7"
        >
          Delete
        </div>
      </div>
    </div>
  </div>
</div>
`;
